[2026-02-19 19:54:44.648] server_start build=20260219-185444 base=C:\Users\Użytkownik\Documents\trae_projects\Alfa v8\
[2026-02-19 19:54:59.616] GET /api/Users/all status=200 ms=10 aborted_before=False aborted_after=False
[2026-02-22 20:29:57.627] server_start build=20260222-192957 base=C:\Users\Igor\Downloads\PN_Beta\PN_Beta\
[2026-02-22 20:31:28.860] GET /api/Users/all status=200 ms=18 aborted_before=False aborted_after=False
[2026-02-22 20:31:48.410] GET /api/Users/all status=200 ms=1 aborted_before=False aborted_after=False
[2026-02-22 20:32:45.505] GET /api/Users/all status=200 ms=0 aborted_before=False aborted_after=False
[2026-02-22 20:33:06.080] GET /api/Users/all status=200 ms=0 aborted_before=False aborted_after=False
[2026-02-22 20:33:24.093] GET /api/Users/all status=200 ms=0 aborted_before=False aborted_after=False
[2026-02-22 20:33:42.091] GET /api/Users/all status=200 ms=0 aborted_before=False aborted_after=False
[2026-02-22 20:34:00.089] GET /api/Users/all status=200 ms=0 aborted_before=False aborted_after=False
[2026-02-22 20:34:18.087] GET /api/Users/all status=200 ms=1 aborted_before=False aborted_after=False
[2026-02-22 20:35:17.898] GET /api/Users/all status=200 ms=0 aborted_before=False aborted_after=False
[2026-02-22 20:35:43.570] GET /api/Users/all status=200 ms=0 aborted_before=False aborted_after=False
[2026-02-22 20:35:59.129] GET /api/Users/all status=200 ms=0 aborted_before=False aborted_after=False
[2026-02-22 20:36:18.087] GET /api/Users/all status=200 ms=1 aborted_before=False aborted_after=False
[2026-02-22 20:37:00.511] server_start build=20260222-193700 base=C:\Users\Igor\Downloads\PN_Beta\PN_Beta\
[2026-02-22 20:37:02.775] GET /api/Users/all status=200 ms=66 aborted_before=False aborted_after=False
[2026-02-22 20:37:10.299] GET /api/Users/all status=200 ms=1 aborted_before=False aborted_after=False
[2026-02-22 20:39:28.050] GET /api/Users/all status=200 ms=0 aborted_before=False aborted_after=False
[2026-02-22 20:53:10.243] server_start build=20260222-195310 base=C:\Users\Igor\Downloads\PN_Beta\PN_Beta\
[2026-02-22 20:53:36.678] server_start build=20260222-195336 base=C:\Users\Igor\Downloads\PN_Beta\PN_Beta\
[2026-02-22 20:59:55.930] server_start build=20260222-195955 base=C:\Users\Igor\Downloads\PN_Beta\PN_Beta\
[2026-02-22 21:04:52.783] server_start build=20260222-200452 base=C:\Users\Igor\Downloads\PN_Beta\PN_Beta\
[2026-02-22 21:07:52.805] server_start build=20260222-200752 base=C:\Users\Igor\Downloads\PN_Beta\PN_Beta\
[2026-02-22 21:09:04.058] server_start build=20260222-200904 base=C:\Users\Igor\Downloads\PN_Beta\PN_Beta\
[2026-02-22 21:11:30.156] server_start build=20260222-201130 base=C:\Users\Igor\Downloads\PN_Beta\PN_Beta\
[2026-02-22 21:12:23.262] server_start build=20260222-201223 base=C:\Users\Igor\Downloads\PN_Beta\PN_Beta\
[2026-02-22 21:12:33.987] server_start build=20260222-201233 base=C:\Users\Igor\Downloads\PN_Beta\PN_Beta\
[2026-03-02 11:59:05.918] server_start build=20260302-105905 base=E:\4k\Strony Internetowe\14 Parrotnest\PN_Release + Desktop app\
[2026-03-02 12:10:51.499] GET /ParrotnestDesktopInstaller.exe status=500 ms=576 aborted_before=False aborted_after=False ex=IOException msg=The process cannot access the file 'E:\4k\Strony Internetowe\14 Parrotnest\PN_Release + Desktop app\Client\ParrotnestDesktopInstaller.exe' because it is being used by another process.
[2026-03-02 15:35:13.074] server_start build=20260302-143513 base=E:\4k\Strony Internetowe\14 Parrotnest\PN_Release + Desktop app\
[2026-03-02 18:02:50.826] server_start build=20260302-170250 base=E:\4k\Strony Internetowe\14 Parrotnest\PN_Release + Desktop app\
[2026-03-02 18:05:15.175] server_start build=20260302-170515 base=E:\4k\Strony Internetowe\14 Parrotnest\PN_Release + Desktop app\
[2026-03-02 18:07:09.651] server_start build=20260302-170709 base=E:\4k\Strony Internetowe\14 Parrotnest\PN_Release + Desktop app\
[2026-03-03 07:11:53.269] server_start build=20260303-061153 base=F:\4k\Strony Internetowe\14 Parrotnest\PN_Release + Desktop app\
[2026-03-03 08:32:55.167] server_start build=20260303-073255 base=F:\4k\Strony Internetowe\14 Parrotnest\PN_Release + Desktop app\
[2026-03-03 08:37:33.826] GET /api/Users/all status=200 ms=7 aborted_before=False aborted_after=False
[2026-03-04 21:07:02.107] server_start build=20260304-200702 base=C:\Users\user\Music\Komunikator JGS\V 10\
[2026-03-04 21:11:13.361] GET /api/Users/all status=200 ms=24 aborted_before=False aborted_after=False
[2026-03-04 21:26:14.858] GET /api/Users/all status=200 ms=0 aborted_before=False aborted_after=False
[2026-03-04 21:46:18.164] GET /api/Users/all status=200 ms=1 aborted_before=False aborted_after=False
[2026-03-04 22:02:47.848] GET /api/Users/all status=200 ms=0 aborted_before=False aborted_after=False
[2026-03-04 22:02:55.719] GET /api/Users/all status=200 ms=0 aborted_before=False aborted_after=False
[2026-03-04 22:03:05.610] GET /api/Users/all status=200 ms=0 aborted_before=False aborted_after=False
[2026-03-04 22:03:10.906] GET /api/Users/all status=200 ms=1 aborted_before=False aborted_after=False
[2026-03-04 22:03:23.604] GET /api/Users/all status=200 ms=0 aborted_before=False aborted_after=False
[2026-03-04 22:03:42.595] GET /api/Users/all status=200 ms=0 aborted_before=False aborted_after=False
[2026-03-04 22:04:26.623] GET /api/Users/all status=200 ms=0 aborted_before=False aborted_after=False
[2026-03-04 22:04:55.013] GET /api/Users/all status=200 ms=0 aborted_before=False aborted_after=False
[2026-03-04 22:14:20.204] GET /api/Users/all status=200 ms=0 aborted_before=False aborted_after=False
[2026-03-04 22:27:26.364] server_start build=20260304-212726 base=C:\Users\user\Music\Komunikator JGS\V 10\
[2026-03-04 22:56:52.980] GET /api/Users/all status=200 ms=19 aborted_before=False aborted_after=False
[2026-03-04 22:57:13.128] GET /api/Users/all status=200 ms=0 aborted_before=False aborted_after=False
[2026-03-04 22:57:31.647] GET /api/Users/all status=200 ms=1 aborted_before=False aborted_after=False
[2026-03-04 22:57:46.099] GET /api/Users/all status=200 ms=0 aborted_before=False aborted_after=False
[2026-03-04 22:57:59.637] GET /api/Users/all status=200 ms=0 aborted_before=False aborted_after=False
[2026-03-04 22:58:17.491] GET /api/Users/all status=200 ms=0 aborted_before=False aborted_after=False
[2026-03-04 22:58:20.938] GET /api/Users/all status=200 ms=1 aborted_before=False aborted_after=False
[2026-03-04 22:58:34.639] GET /api/Users/all status=200 ms=0 aborted_before=False aborted_after=False
[2026-03-04 22:58:49.731] GET /api/Users/all status=200 ms=0 aborted_before=False aborted_after=False
[2026-03-04 22:59:27.638] GET /api/Users/all status=200 ms=0 aborted_before=False aborted_after=False
[2026-03-04 22:59:34.591] GET /api/Users/all status=200 ms=0 aborted_before=False aborted_after=False
[2026-03-04 22:59:59.773] GET /api/Users/all status=200 ms=0 aborted_before=False aborted_after=False
[2026-03-04 23:00:12.552] GET /api/Users/all status=200 ms=2 aborted_before=False aborted_after=False
[2026-03-04 23:00:20.849] GET /api/Users/all status=200 ms=0 aborted_before=False aborted_after=False
[2026-03-04 23:00:28.648] GET /api/Users/all status=200 ms=1 aborted_before=False aborted_after=False
[2026-03-04 23:32:55.685] GET /api/Users/all status=200 ms=0 aborted_before=False aborted_after=False
